2026-05-15T12:37:00.865+05:30  INFO 21060 --- [auth-service] [main] c.skybooker.auth.AuthServiceApplication  : Starting AuthServiceApplication using Java 17.0.18 with PID 21060 (E:\SkyBooker\auth-service\target\classes started by Aditya Narayan Gupta in E:\SkyBooker)
2026-05-15T12:37:00.870+05:30  INFO 21060 --- [auth-service] [main] c.skybooker.auth.AuthServiceApplication  : No active profile set, falling back to 1 default profile: "default"
2026-05-15T12:37:02.506+05:30  INFO 21060 --- [auth-service] [main] .s.d.r.c.RepositoryConfigurationDelegate : Bootstrapping Spring Data JPA repositories in DEFAULT mode.
2026-05-15T12:37:02.608+05:30  INFO 21060 --- [auth-service] [main] .s.d.r.c.RepositoryConfigurationDelegate : Finished Spring Data repository scanning in 84 ms. Found 1 JPA repository interface.
2026-05-15T12:37:03.678+05:30  INFO 21060 --- [auth-service] [main] o.s.b.w.embedded.tomcat.TomcatWebServer  : Tomcat initialized with port 8081 (http)
2026-05-15T12:37:03.694+05:30  INFO 21060 --- [auth-service] [main] o.apache.catalina.core.StandardService   : Starting service [Tomcat]
2026-05-15T12:37:03.695+05:30  INFO 21060 --- [auth-service] [main] o.apache.catalina.core.StandardEngine    : Starting Servlet engine: [Apache Tomcat/10.1.20]
2026-05-15T12:37:03.792+05:30  INFO 21060 --- [auth-service] [main] o.a.c.c.C.[Tomcat].[localhost].[/]       : Initializing Spring embedded WebApplicationContext
2026-05-15T12:37:03.793+05:30  INFO 21060 --- [auth-service] [main] w.s.c.ServletWebServerApplicationContext : Root WebApplicationContext: initialization completed in 2814 ms
2026-05-15T12:37:04.167+05:30  INFO 21060 --- [auth-service] [main] o.hibernate.jpa.internal.util.LogHelper  : HHH000204: Processing PersistenceUnitInfo [name: default]
2026-05-15T12:37:04.342+05:30  INFO 21060 --- [auth-service] [main] org.hibernate.Version                    : HHH000412: Hibernate ORM core version 6.4.4.Final
2026-05-15T12:37:04.420+05:30  INFO 21060 --- [auth-service] [main] o.h.c.internal.RegionFactoryInitiator    : HHH000026: Second-level cache disabled
2026-05-15T12:37:04.774+05:30  INFO 21060 --- [auth-service] [main] o.s.o.j.p.SpringPersistenceUnitInfo      : No LoadTimeWeaver setup: ignoring JPA class transformer
2026-05-15T12:37:04.820+05:30  INFO 21060 --- [auth-service] [main] com.zaxxer.hikari.HikariDataSource       : HikariPool-1 - Starting...
2026-05-15T12:37:05.485+05:30  INFO 21060 --- [auth-service] [main] com.zaxxer.hikari.pool.HikariPool        : HikariPool-1 - Added connection com.mysql.cj.jdbc.ConnectionImpl@410382cb
2026-05-15T12:37:05.488+05:30  INFO 21060 --- [auth-service] [main] com.zaxxer.hikari.HikariDataSource       : HikariPool-1 - Start completed.
2026-05-15T12:37:05.703+05:30  WARN 21060 --- [auth-service] [main] org.hibernate.orm.deprecation            : HHH90000025: MySQL8Dialect does not need to be specified explicitly using 'hibernate.dialect' (remove the property setting and it will be selected by default)
2026-05-15T12:37:05.706+05:30  WARN 21060 --- [auth-service] [main] org.hibernate.orm.deprecation            : HHH90000026: MySQL8Dialect has been deprecated; use org.hibernate.dialect.MySQLDialect instead
2026-05-15T12:37:06.981+05:30  INFO 21060 --- [auth-service] [main] o.h.e.t.j.p.i.JtaPlatformInitiator       : HHH000489: No JTA platform available (set 'hibernate.transaction.jta.platform' to enable JTA platform integration)
2026-05-15T12:37:07.211+05:30  INFO 21060 --- [auth-service] [main] j.LocalContainerEntityManagerFactoryBean : Initialized JPA EntityManagerFactory for persistence unit 'default'
2026-05-15T12:37:07.774+05:30  WARN 21060 --- [auth-service] [main] JpaBaseConfiguration$JpaWebConfiguration : spring.jpa.open-in-view is enabled by default. Therefore, database queries may be performed during view rendering. Explicitly configure spring.jpa.open-in-view to disable this warning
2026-05-15T12:37:07.822+05:30  WARN 21060 --- [auth-service] [main] .s.s.UserDetailsServiceAutoConfiguration : 

Using generated security password: 8cc7ade3-322f-4b4a-a3aa-016074a73014

This generated password is for development use only. Your security configuration must be updated before running your application in production.

2026-05-15T12:37:08.223+05:30  INFO 21060 --- [auth-service] [main] o.s.s.web.DefaultSecurityFilterChain     : Will secure any request with [org.springframework.security.web.session.DisableEncodeUrlFilter@78d52d4c, org.springframework.security.web.context.request.async.WebAsyncManagerIntegrationFilter@47a90d2a, org.springframework.security.web.context.SecurityContextHolderFilter@64096a41, org.springframework.security.web.header.HeaderWriterFilter@1f591b2e, org.springframework.security.web.authentication.logout.LogoutFilter@2f006edf, com.skybooker.auth.security.JwtFilter@7f323b3a, org.springframework.security.web.savedrequest.RequestCacheAwareFilter@2f6352a3, org.springframework.security.web.servletapi.SecurityContextHolderAwareRequestFilter@24455d50, org.springframework.security.web.authentication.AnonymousAuthenticationFilter@34907a49, org.springframework.security.web.access.ExceptionTranslationFilter@35d4fecf, org.springframework.security.web.access.intercept.AuthorizationFilter@4a76c90]
2026-05-15T12:37:08.645+05:30  INFO 21060 --- [auth-service] [main] o.s.b.w.embedded.tomcat.TomcatWebServer  : Tomcat started on port 8081 (http) with context path ''
2026-05-15T12:37:08.659+05:30  INFO 21060 --- [auth-service] [main] c.skybooker.auth.AuthServiceApplication  : Started AuthServiceApplication in 8.667 seconds (process running for 12.254)
2026-05-15T12:48:02.684+05:30  INFO 21060 --- [auth-service] [http-nio-8081-exec-1] o.a.c.c.C.[Tomcat].[localhost].[/]       : Initializing Spring DispatcherServlet 'dispatcherServlet'
2026-05-15T12:48:02.730+05:30  INFO 21060 --- [auth-service] [http-nio-8081-exec-1] o.s.web.servlet.DispatcherServlet        : Initializing Servlet 'dispatcherServlet'
2026-05-15T12:48:02.834+05:30  INFO 21060 --- [auth-service] [http-nio-8081-exec-1] o.s.web.servlet.DispatcherServlet        : Completed initialization in 102 ms
2026-05-15T12:48:03.708+05:30  INFO 21060 --- [auth-service] [http-nio-8081-exec-1] c.s.auth.service.AuthServiceImpl         : Login attempt — email: Aditya_staff@gmail.com
2026-05-15T12:48:04.294+05:30  INFO 21060 --- [auth-service] [http-nio-8081-exec-1] c.s.auth.service.AuthServiceImpl         : Login successful — email: Aditya_staff@gmail.com, role: AIRLINE_STAFF
2026-05-15T12:49:03.593+05:30  INFO 21060 --- [auth-service] [http-nio-8081-exec-2] c.s.auth.service.AuthServiceImpl         : Login attempt — email: adityaEva@gmail.com
2026-05-15T12:49:03.789+05:30  INFO 21060 --- [auth-service] [http-nio-8081-exec-2] c.s.auth.service.AuthServiceImpl         : Login successful — email: adityaEva@gmail.com, role: PASSENGER
2026-05-15T12:50:51.720+05:30  INFO 21060 --- [auth-service] [http-nio-8081-exec-4] c.s.auth.service.AuthServiceImpl         : Login attempt — email: skybooker_admin@gmail.com
2026-05-15T12:50:51.891+05:30  INFO 21060 --- [auth-service] [http-nio-8081-exec-4] c.s.auth.service.AuthServiceImpl         : Login successful — email: skybooker_admin@gmail.com, role: ADMIN
2026-05-15T12:51:08.488+05:30  INFO 21060 --- [auth-service] [http-nio-8081-exec-5] c.s.auth.service.AuthServiceImpl         : Google login attempt
2026-05-15T12:51:09.371+05:30  INFO 21060 --- [auth-service] [http-nio-8081-exec-5] c.s.auth.service.AuthServiceImpl         : Google login successful — email: codes2k26@gmail.com, role: PASSENGER, newUser: false
2026-05-15T12:51:19.390+05:30  INFO 21060 --- [auth-service] [SpringApplicationShutdownHook] j.LocalContainerEntityManagerFactoryBean : Closing JPA EntityManagerFactory for persistence unit 'default'
2026-05-15T12:51:19.455+05:30  INFO 21060 --- [auth-service] [SpringApplicationShutdownHook] com.zaxxer.hikari.HikariDataSource       : HikariPool-1 - Shutdown initiated...
2026-05-15T12:51:19.541+05:30  INFO 21060 --- [auth-service] [SpringApplicationShutdownHook] com.zaxxer.hikari.HikariDataSource       : HikariPool-1 - Shutdown completed.
